// Jest Snapshot v1, https://goo.gl/fbAQLP

exports[`items navbar 1`] = `
<DocumentFragment>
  <div>
    <div>
      <a
        href="test"
      >
        test
      </a>
    </div>
  </div>
</DocumentFragment>
`;
